// Jest Snapshot v1, https://goo.gl/fbAQLP

exports[`kosko generate jobs/restore --dev 1`] = `
"apiVersion: batch/v1
kind: Job
metadata:
  name: restore-db
  namespace: domifa-mybranch
  labels:
    application: domifa
    component: domifa
    owner: domifa
    team: domifa
    cert: wildcard
  annotations:
    app.github.com/job: '5678'
    app.github.com/ref: refs/heads/mybranch
    app.github.com/repo: socialgouv/domifa
    app.github.com/run: '1234'
    app.github.com/sha: '0123456'
spec:
  template:
    metadata: {}
    spec:
      volumes:
        - name: restore-db-volume
          emptyDir: {}
      initContainers:
        - name: restore-db-init
          image: alpine/git:v2.30.2
          command:
            - git
          args:
            - clone
            - '-b'
            - mybranch
            - '--single-branch'
            - '--depth=1'
            - https://github.com/SocialGouv/domifa.git
            - /mnt/domifa
          volumeMounts:
            - name: restore-db-volume
              mountPath: /mnt/domifa
      containers:
        - name: restore-db
          image: postgres:10.16
          command:
            - sh
            - '-c'
          args:
            - >-
              psql <
              /mnt/domifa/_scripts/db/dumps/domifa_test.postgres.truncate-restore-data-only.sql
          envFrom:
            - secretRef:
                name: azure-pg-admin-user
          env:
            - name: PGDATABASE
              value: autodevops_mybranch
          volumeMounts:
            - name: restore-db-volume
              mountPath: /mnt/domifa
      restartPolicy: OnFailure
  ttlSecondsAfterFinished: 86400
"
`;
