// Jest Snapshot v1, https://goo.gl/fbAQLP

exports[`kosko generate --dev 1`] = `
"---
apiVersion: v1
kind: Namespace
metadata:
  annotations:
    field.cattle.io/creatorId: gitlab
    field.cattle.io/projectId: c-bd7z2:p-p4xn6
    git/branch: alpha
    git/remote: >-
      https://gitlab-ci-token:[MASKED]@gitlab.factory.social.gouv.fr/SocialGouv/domifa.git
    app.gitlab.com/app: socialgouv-domifa
    app.gitlab.com/env: alpha-dev2
    app.gitlab.com/env.name: alpha-dev2
  labels:
    azure-pg-admin-user: domifa
    application: alpha-dev2-domifa
    owner: domifa
    team: domifa
    cert: wildcard
  name: domifa-64-alpha-dev2
---
apiVersion: apps/v1
kind: Deployment
metadata:
  annotations:
    kapp.k14s.io/disable-default-ownership-label-rules: ''
    kapp.k14s.io/disable-default-label-scoping-rules: ''
    app.gitlab.com/app: socialgouv-domifa
    app.gitlab.com/env: alpha-dev2
    app.gitlab.com/env.name: alpha-dev2
  labels:
    app: backend
    application: alpha-dev2-domifa
    owner: domifa
    team: domifa
    cert: wildcard
  name: backend
  namespace: domifa-64-alpha-dev2
spec:
  replicas: 1
  selector:
    matchLabels:
      app: backend
  template:
    metadata:
      annotations:
        kapp.k14s.io/disable-default-ownership-label-rules: ''
        kapp.k14s.io/disable-default-label-scoping-rules: ''
        app.gitlab.com/app: socialgouv-domifa
        app.gitlab.com/env: alpha-dev2
        app.gitlab.com/env.name: alpha-dev2
      labels:
        app: backend
        application: alpha-dev2-domifa
        owner: domifa
        team: domifa
        cert: wildcard
    spec:
      containers:
        - image: >-
            ghcr.io/socialgouv/domifa/backend:sha-9e3027bc7c6dab66be874658abdc12c946fd0357
          livenessProbe:
            failureThreshold: 6
            httpGet:
              path: /healthz
              port: http
            initialDelaySeconds: 30
            periodSeconds: 15
            timeoutSeconds: 5
          name: backend
          ports:
            - containerPort: 3000
              name: http
          readinessProbe:
            failureThreshold: 15
            httpGet:
              path: /healthz
              port: http
            initialDelaySeconds: 30
            periodSeconds: 15
            successThreshold: 1
            timeoutSeconds: 1
          resources:
            limits:
              cpu: 200m
              memory: 256Mi
            requests:
              cpu: 50m
              memory: 128Mi
          startupProbe:
            failureThreshold: 12
            httpGet:
              path: /healthz
              port: http
            periodSeconds: 15
            initialDelaySeconds: 30
          volumeMounts:
            - mountPath: /mnt/files
              name: domifa-volume
          envFrom:
            - secretRef:
                name: azure-pg-user-9e3027bc
            - secretRef:
                name: backend-sealed-secret
            - configMapRef:
                name: backend-configmap
          env:
            - name: POSTGRES_HOST
              value: $(PGHOST)
            - name: POSTGRES_USERNAME
              value: $(PGUSER)
            - name: POSTGRES_PASSWORD
              value: $(PGPASSWORD)
            - name: POSTGRES_DATABASE
              value: $(PGDATABASE)
            - name: DOMIFA_HEALTHZ_FRONTEND_URL_FROM_BACKEND
              value: https://alpha-dev2-domifa.dev2.fabrique.social.gouv.fr
      initContainers:
        - env:
            - name: WAIT_FOR_RETRIES
              value: '24'
          envFrom:
            - secretRef:
                name: azure-pg-user-9e3027bc
          image: ghcr.io/socialgouv/docker/wait-for-postgres:6.0.1
          imagePullPolicy: Always
          name: wait-for-postgres
          resources:
            limits:
              cpu: 20m
              memory: 32Mi
            requests:
              cpu: 5m
              memory: 16Mi
      volumes:
        - name: domifa-volume
          emptyDir: {}
---
apiVersion: bitnami.com/v1alpha1
kind: SealedSecret
metadata:
  annotations:
    sealedsecrets.bitnami.com/cluster-wide: 'true'
    kapp.k14s.io/disable-default-ownership-label-rules: ''
    kapp.k14s.io/disable-default-label-scoping-rules: ''
    app.gitlab.com/app: socialgouv-domifa
    app.gitlab.com/env: alpha-dev2
    app.gitlab.com/env.name: alpha-dev2
  name: backend-sealed-secret
  namespace: domifa-64-alpha-dev2
  labels:
    application: alpha-dev2-domifa
    owner: domifa
    team: domifa
    cert: wildcard
spec:
  encryptedData:
    SECRET: >-
      AgCTV6VkK48RgYNvcORtCMOquZKThQB5HCh3gT/K6B39+ggP4PhvC99ysI7fiBWrLgElIuwmJTyUnTX5LIpoAi6ELo3zZG+L88+/Krj4BACJv27oETccz2iQiYmGwymjTnFWoqkCkYpEjwWLEIcbrcS4d0ShOSawNtcTRaj3SOZ9yrTybpHh9WuAFibe4MCSoAC5pSzWgTYAvWsgKZs6dHTqxBPfcn8FYZ9VqzS9zBudENRVsed9YvTwtvXntDUMPpuIQZUEQ54eXrQ5yhwkt11bfTLWqPPP8TREgR3oygUXn9D4Bs4//CNrzBmXOwz7XtLdnbE58B500YJtc50xcbzy722lwVf/PUrtzhJb2nJEmvevCwE2qczBOw3+J4UJddnPeTsp+q6/ZangcqiKmodXn8UXVmtNegpXiuk3ACKxjZLFW1juqDousmzwY8XpbBTguga9hCm8vmdoO6M/OoEaydKdgT3sYj0ap+IfisGyju2H8eLk1G+jEwfCemDMV3uLhjC1h9w7JgCGEp6oDfqzEQ0sU3L/y8c1cAzd3P8Qozp72LaBTAAYpX4mgZYTZ5zst8rcrFcgd2Os4xNGK7R1LANDR4Hwv7ecKSPujMBn2rfOsAQnOzoHI7pzPZzQqX790yamUK0UdXieQ4+1WMCrISCSL40HqRKjoSUCmPzenW/x+OlvGUsvG+tGQ2xMxwZyVpVCsWE85eJLZ0Z7ku4YaAhL9rQZk70qEtUNGUOSpmXwLbK56ymOH3TF48+rezKXISAr48dgxMZfD3fEBsqr6No4so8Ws+aFTnENwC0jGmAGlV3UEgD940Q9mG4m3HnvCKa4vS4OxyxADURpSXx2jusSKyDQ0C4tmMQ0ASV5hnclJAMSVtmb9/zEs06YsvzlAb+PUYu90O9f2DN98p35b4uLErmreC3cdrsyD8lHokMu/qQ5leomyuk=
    FILES_PRIVATE: >-
      AgAWOKRiqYaucREOjHfWyWNvEQ4r9A243s59i1czdgy9xsiIm0KHHplQYB+Ov8cj8aoY/zVRDD8x6fauyqaRdaLvc/Q/zcf9RdMHIm1qlfVfVp6f1uk8rmPiNdFETQgNmel3Xc1Y6hwg3EAY2i8e1T3I9dMs/Ew65Z5WCksvBYJqz/f5TwEmz38pxch7KKcNz1B+PpQ2q0kyh2YsS4NJoC5TMjOG8XPhUAYzoZYpXsNEiFqpoxVht/1QKIN2uJa6t05oDbNMd5Lj1PA+gq8OGfBXhFxWX382PKhvHguPTW26BwLSAuANcy3ECqhHzACvs4HH7J8VIiiHHhDn9nF3YRdFMPWAvVmvWhIu84N3Tw0FhE9DWp9NrY9fDcFNieqX5H4qhqh69jB6CEwPwSlEt2Bx6dU6jCCaH4+BhLIX0SLWUf9M/4/vURzsVS1CiaI3RkdT5U4cMVEuxaTeJVVF6CpQl/Ml+Aaibt/aO99rzrO4gOgOR+Te2DzgD+L9f5qXMh8fHzQd3+iTFlD91Hf2MzEaNoTaLxkH/FsBM4HrgHsjmryDelR1uVQ3LOPZp7Cc1zmaGn9aGadKNUV5B2E6oQmRBICGZamrq9UrWXM9T92JfG30QR9nI0sBx9dqjXkJq4sdVnt7g3kE6uLZ3u374E9Df94i8Ga6I6gtTwYbXmWNg4ICkS/DnmA1L+2HIWRaCKo3Ld9X9rg8NwpB8YOtpBaGx2uI1BDTKag5DLsRmSCHVA==
    FILES_IV: >-
      AgBg238YLDGsD2XoChSpajVHfilB0WzxaJLsYYtiNBsLn9m5welghKEpTmb3tLXf6Wh815iYH50xudeNDwAyxle7f8y+UQdjF1rv18u6zm2OcpBc5NSQDS9mQiJv0VJHtNWNr79DkVlZyZrXrZYvHsonNP5J7ew6JzBvdIb79xgCPBlHALmIg2VQG1WbG8uBZWh6hsCxSDtB0I/RNWzCqfqA0x9gw211R/dzOVIwEgl1Vp5OFWqG/6AZZIitFg6tGjrKdLf26cEbCqjF0MTbRWbsilz3ChPonrvjf0bVWxJKAAlgjyz0aqoHkBCaqxD38LWJVit6OJC9XQBJqDuy0NQPFROi1ZMwW0bCveMFqT2OZaaz3o8RIedviI+xL3iZJvbdwYfEiNFCQNWkMMeYkiEWdO0kEawtjb65I+qkw3djUoHRfE/mWNvtYr5LKy2104qpxMo/+GL5RyvR3qE4an9zBubET0vfS+0QuomPKt9Ajm3BTVHgEBjEa2HPOOz55V9+ZGva1OnmJxvhHsKct7MzPY5S3r6mvqIDRUtKwK2+Xdoi55TYrSiVk+vsTkM9QDKTFZubKw5yszin2vMQFr+yayZ/MY75VmSRjLz0sevtzAhVGkfC4UmZ7Yb9vowCg3m+rfGILzlLm1iGtLkm4SAYytuuq9MdseqiImMqr23NYFzL2nZnTa/2ecwRwyDaLLVlWGYYiPXiMLM6y4BBXfBM
    DOMIFA_MAIL_SMTP_TIPIMAIL_HOST: >-
      AgAXTaMdbRHAzitvJ6iRKDh6sM7myqJj4u4Xk/UaHxcX70jwqYgEhuT2IrsM2wSD/Gu6liwP2wO8lo13G8zXsnpbky0l4poOtiA6CybW7taC36vVJPn+sOjmWwABtS9l58Rqa9j1bh8qTqz5Z0krzDVtwK0hHTmFP7OfPJReyCEe6O8vgrroUoZ4TYhAHgZi4nAOxQI9bbhMBxT9XM9gRQUWAnEZNmFiRNr9qYf8yJCkCnXomldgzEgFq/xkacrJaliKIzJ9usfHeEcp3MUFKBb2RIuouXfl68B+kMKYhFMoD8k98h9UjAm4BEmFgpBxIWew8xj4Ta5AcynttI6zCUnxuqoJh6nqEJ4BJf54lNf3EHBhcKv1lydt5HQ7HXdGwvxHPM3PQXn9bimKSlp0R0yJL4JN8+GufgkQbr8rikPHK8T4TaEyjhGd0bQvWOKkvVGWbjHxub408yf2Ta5oN8BDJYG1fupjcQ9B184NsHbuecFCEsrYL7AOpss/sTerlvnodDuXOjbAIOOVgbKxVsq0Q1yhjHeYj4dt9lMLofLE2+E8RLuFsfUK+cmwUFQcMjQhO4Sw9chZDyfkHHxS50vqK29SvlbBZvXx1gvHieIdSx8EmFe6fXrhyCWtJO2jS9wrvTZX99ztlpMNrCNHQ4wd4B16s2baKsNwzpXoE/wCKNx8HDlTyz24nnGRaMrHQnXEu6OwZ2QqBv63EMCghozYaQ==
    DOMIFA_MAIL_SMTP_TIPIMAIL_PORT: >-
      AgAV6Rc5L9chaLnpcHaeegkBoPmGYTq1SeyRCXE8+wvAJxIuMlAcDWJdUVCyqbK1QpjIltdk45kD+EynDgFyAhk42yjxKNZ9f3dqNY33R7Yj/xKanoDUclntpbelaNJyi/SWa2TmnI7Is/nCKjfYbv/+9WteHd9HLIsjXCHqvRy5QTKQzE7zmA6d8ftNFFbRoGHKT0BGQ8XYb9766CRIK1M1AFdUoBcZuLlDWG4m7vibAr0TDuxi+ca2TAbtFEhkoHmg2AMlEAci0eyGQzZLZT2Pf1ow7yI8sGrUHroC2jOqj2vBI4f6j95FY5Jx+DCWfY4zB8LfrdCnsMXuQZ4FNwqcLb33IqTPlqHmerDJ3/R36pRo5GvvH0JNor1pMZJXgF0Y+NYP6hrkqBMnSlKqcbIbC8S+ZM347bzyt7QFvDBmzS/eqc0s/3Xjawt3uKbt6uIxevl3ybqMq5NV8AHU89dDBJuqylXxY9MQWKUE+r+HRvJUEgEFfrkcEsQq6O2hGk2EiU0dYAHuY8jlAPG7fX/RFGaDc5V82kiGDCtiMgeIU7DPrCf0oAUVfHFDyRERG5Tluqs8lVNdBPpnf7YELp+30TvqG+/N5WUAD8ud8+9ike9dvNUT7BdVtZAU+5eQprSp/9+g8dAPXz1a0yz5+/ywpwU+xYtuNhVS9stl1HIRI5o41xi/G95pu5oiiAPQx2eTc+c=
    DOMIFA_MAIL_SMTP_TIPIMAIL_USER: >-
      AgC6/XorKraSTAisuL3HJmfjLGIp++m0/SooA8jcy+gIkB7K8fze8driNK929orXMOXBJXmglKV9lI315Qsj+xHom/obFUMb/ygcDYa0VsTMq592eWJeCL8Mlmy1Uz6pbEExy2knyIDu4iguKSTtK/dhpLPXRdsuna1mdPF4MgkO0f/YAkbWjzHQOzsIJJKjORBO10/FynFhOL/1z4l8ktJ8dSID+GzHixt/SmW4NQqtACKBrZNCxP4oJC+tMOz52JD6RC039Z58zJnF49+PKXoKj7ucSqe82mpUiXU13mr5doTF/k9VkiF+OLpJa6kqRzbeVJGHZOQx4Q/E5Y8khqNu02gFbSaORMt3qf7bGNcIgFQP+Lu/VM0OLQjVhkf60LpT9CM0rs0bnrIGFRlEGIj3EXvcjYTkORhOekPKG6eiDLsEc1gj4iUilSZAGnW17XELIByDfmb14iUuDV9j1+/hJNnRmnGtkuibyxdZJGPYtscI3jZ7wmX3kgUzynAQVt71BnGAqOCY9HOI4BuNw0EdsgYuX5SPJ+Z4o/KKPAKtV+wjBUaHBznXSEdV96nQFGVmfxzv7zLCN1VPIQ0iTiw9aTg96HOpwiUJHx4JBHqupAkBE75eaDu3zmFFMe0Hu8++up/oWWOW7YEWradwPpfmq7TYdXrJmKeBuDuxRqgZiRx1CRZXaICjNHkMvmAN2iOO1Iq8wXgIC+rHWiq/shSCZOtFlUDwyLrGeZENBmAaIg==
    DOMIFA_MAIL_SMTP_TIPIMAIL_PASSWORD: >-
      AgC9JpIc82wsDAyQpqT9TTSkn7vfSmPxBibhPPZpzOa9N4bBXzHJFRp3BraeXNFeWr9jKewC2DABBVORjWQrznPtDRFLcTwOgqeX+uDDm2AwSuSN3BcqmZMY4kRfouwQWBzDhkjiEy1j+1ijjEO7ti/Dfzi2kiEMnMIi0QDAj60Np8EoczK0MmryCPqgeIR3iJBCxzO+/Gq7k+MoGYy1Etfcf3VQF/JDc1SKDWorDqB15pNx6SSsUvEyQmx8oVZlPNzZwJv/qHdemirMNjWhq8DPqfBTD2qmyhYYvGvp3rIYZDEQRqMz0Bmj8BOZ8Xj7YxzqN4Y/PT9iJMSZEnLUvTAHDg3ofrdyuRov6jfBEB3DrDjiBKze/Loa8IgjzFljREQ4Gxb/QDF//00pyOIdAfVVUwRQGQ1E1D4qm3A7fKaaqDMkbXlh1HlRKzjove+ag7FtkhkLoE5dWWT5UCQUGD4TQxyzAYFJw3r/AWDy3VyMSlbg1yeOjdl/cTQCUKoJKdg6Um9bwxYgvBVdup1FEAr0GIvlohXQllnIx2Rgp0Kr17i8EOEEU6qrjGXLXql8mpeBxl9PbonJIBHS2zYU+DUHVvpNmV2JeY0G5/vZqiHh5YBw/hpBM2oicEonTX0STrlH0WHxV53/ZfmC4IoMyV3xpDejf8susFyUK/ywVgol3zKf12+CEJKxKhdTUpPf9eiqft7zGakppJS6UYGXUZ0gSFDiA6zKh9oTw8He56takA==
    DOMIFA_ERROR_REPORT_EMAILS: >-
      AgB45mewWQyjJXYj4PPKQDWrSORuFGuTtKisX6CYhdvqRYG+HlbWCn3sN0RKM30dWA1Z4ebbC+0Kj9z9iDYYM+cPZmQRQeedECMh1h/Y6ZlELOrV6SZCyR2LuqGu8eZjuuLzl6GzG/DI/hPJU4BjxEZW1TQMI7yRaqSrYhYuqxZCeP+q4Ht2J2QnQPncwBRJ85l5yJJlmSwUC0zqF59nha90fDZAl4gijtNDZimMtavTbdm3gtyOvUrEBozJ46w35A7ZTzkctfwcUHoSHlD8SDolQBSMSeV7lQFcx8cDGnGM7GA4mqTOzZ4N/ywrfJ6JqFv0mvYaB1oKS6tTQ6gckKsUhFkqDWtkD/vMdSwplG9I/Zml4K3Xofc2054QPb8rIEWLjSBFazfANx9TSj71Vqi+UPwC3h5JnMttTMZbQhpqji1m6UHrPH73kuP75xBlmeddE+6lCObVIGgvozDxcPtHvrj1lkY6FTYMU746qYr8qAXxLY93ALI1xybGqAme9dzKBA4OuheLOdDypL5xJ5PMsgmv60OPyGD065eMw2TpB9Qlrm4BVM/hP+LIvJnofMB5+Ynw8FW01FPtFtXq8ogrcczO0vEjHUWcblVmw8XNoQFdY0OFVc79f0/XDLUK6pe09+EBxmNZsaTM0r7ysLYEgP2ePb6qr6QYzSpBaAqk2tPxnRhpUyg5i2yMwroLHS+gFJ9EHAIIwOoZE6GMOpBCuU4dreoKbFA86fbAJepeltJZiy37xp65g+t+fo9KzZjoibn0tQfOYDi1+s9kunpYPLM9aZxNb4VU3f9ZTX7N
    SENTRY_DSN: >-
      AgAZ8hkFobL23UnDKNVqURaOSsMTheCH3YhIIvQvoeSSSTNKI43pWa6Wy4xvrjIl8WV/2uTJDrHfg6wELPy+uW4Z6OCFUH24K3NXAfC8w4mWXc/nPWv77WwDZLaxs6kEA0IJqNk7nKHN95/A4Le77+CcxaM1BmZh+1hG0oXszdHb2Hd9t2jMmb06AE8gu71k5xOMnwkEzaGzHRGoDhhMY7RH1fOTtg2R1u6mTioCoFcJUxEomF/hYwUvUgxMF5BXmG8Z50BVk30bDqgSjwf5tqxZxGoD6yZYlL4S96+G2wzRHWJEnWH2MVpN1DoF1azIeFSiQ52RI3nQJxVSlU3FCGIXvJRsMgGGr+gg55V9u0J0/vRnT+OboHOBgHDCiLO/C8J9Uvfgv0AfxpBtZabepU3uB/5YSYfjuSA7KXcEy6vE8Z8G6RatbLBJOlWs/rcVAhsMf/Pw/CEwqJhHbg5gf+gIYchZ6caN/OHRTdfkJ35AS0EobQJxFfGEyTZXJPhBqT24RiyF1eWIc1HuXfX+GY1BsU2/SejINCuzrxEL1T6h5SlIXU810xjfnm9X3Rlr1i1VIanvfCiVIbUHu06M2fB5zpDE7mtFwee8pD/4mUU81kkgaYM3gdI6zq1LcxnqiTjtpRHij39VXSHK6V6v5ZnPTV5od7jJEHB9KUWoGzqB2s38QI15YZ69yDTRi9iDBGLdI/+GFuPAMSdUeX5CRFMp/evws607hsURC6uX8mHisGpoffCpCBIC3+F+0y+c60bJ9LbOqxdE/0B0l82DV7QE97w9y1dBHsVHgQ==
    DOMIFA_MAILJET_FROM_EMAIL: >-
      AgCJ1JRwdDyG2oF8NxIXrrd6x6XKws/A7Qw5mEM+3IouWtCPcDfDgTjA2erUEIIy/O4H4qmeUBHr+8C1O2W5Ja6c/IT5Qyn2c0vqLlsQCtbm1MwIyoFavLNCHmCNrfPbmGgBne1Wk0+9lCNMTVwU5mTQEeAOHaZeoNpdakQImPZZMGsWke/Ma5WC6WMSQCwnzcXBrmNHR9OhycvZ3/gcEdWsuu1Ng75Whh5D+2ZiONkjafHGX/rfmD7Cw0U/wGCmT2FZlD2ekMuhlUkONrXnsVFiNsAUQVbVZLiQsz5TTjEug2u5SzzbuJjBGvCjAIFoG4FrB1tfmdBqj1Iuptgqz/eaWxe3jc7GJpNNwjzdAl6X5Fzvg40A2HxUcP7f+kKhwUHGHKllp2b5OXnhl/Tmoe2C9hrK882hrsZ3Dc472ZjjfT1ZF3jYrynBUBKFO9MfH8iMRA6kRzfTjwKTysc0N8jVAMKrrgoKCugM+/fHddZhRV/zDCu8/+2Dou4w0YyOHNC/pCe9jRXw4z9WZ/IZD8JIW/AfwxCYbJrOHUSzG8kCljM6+Qul/g24BGzB0rnDmvt2pA+72iV9HKbLBEBCbhzM47Ev6NsO8ka+Dr17ZzoDxrw9xReW0mkrv2/E/5KBZp1s9ZsfXxjmq7Z34tBZMsWVHAtFykNOg1CBxXw7D6T29L7ohcNZ1nl8XhLUfHfPzJ0cupDIxTt+BMrZMA13DNZmseEMryM5IfgdLg6T5+GKV7LOo/IFkA==
    DOMIFA_TIPIMAIL_FROM_EMAIL: >-
      AgAHFvl4ZBAmd21FHWsxGB9U2yjDq3uamzgzBtX5y1D2SiL/IDCeR4d0qFsha/A9shY88U9Flo4A8k0LK/Rr2oF9SAkQBTf+kTyX/r7+ZJqTLWaEmwqfjiLgFRJbU9iF412BCwK8BSzebCoTRne0qdyStzmD4zKnGtsTo4q3d3FTv4uTOe3aD4k7HQaXLrKqnpQeCth4bY/9T1arpltt/T6nhxTPKSJLq0UOERAMP1AjnHsWTUd6gnRLfSgw1Oh+Jo9pKRMyfs3hvUH+IAoHgg+PMW2lZbmkryvWaKkkksjp9OZ6ylUq3v7gmBdOWC4oiF8Ry+z+ngxiihlOkEes8dp4fWqhv+3mOcJ0SaZAOttl6n4jwCeiYW/e6YSHxtzW5a/aUCzHe/WMVhSjJkVlBwc4AzkqEcADH3qgbUApvV0zIAEkkcJTxulvDBi6pZky/GhRjm8f7K+UD1TAT0Na3r7T0gqPc4afMfQiJ5EKDVffiGlb36OVIncCTb9lbyflner8ua/AInNarEpZX8gWKqamHMhombXutm3VBAuer9hoMnlyUkDYZQxrZAC5XCqQp2Yb0t2FA7gubpZ2yzdsY9BY/elstkVkeboO0FnFMPITySBS1khgOWI4L0sXg6Pt0kdhkpJ7MrrKWRs1pDWrDLNJR8fEgsiqNIppPHnieM6IUq3afY3GpL5GyxWvtJG8956aepeVH26910ObWk4ltaE1jdU7V8Kf5aI3tx1sF8ehE/lvL+xP9p4=
    DOMIFA_ADMIN_EMAIL: >-
      AgBjzwTbp161cmA8ru/NjV/vkiCne6KCtN6lOFXW/T+JHziM+kX1JuEyc12h5K1AjlA96ne0/iCAH40xEn0PwgXmzSQjRhQicvSdNoqZRZodtBG3JKcK6Oslot7ioMZc809E4Nf5mUVrIAjx2YkzyLA5k11yM9xbSKkjYMjKj4trC4oYvkA4MgM7K7cHbRii05FZ8AIy2C0QBfqZQsYRyYp666Qe+CFxow3AQvvtdEb2fNc9dt2WzOi3dv3v90n86J8NFwanVR2iENUy9GL3m4DUlhub5bsw9hf9eiJbQMaxUYG8zOSl/A/gVCrccgsbalQuV0FgAXLR4ace5tZvRLFdTMs8Q1svBYYg00fjbVpSFkJMnPldVWD90q+3TBA0NJ3/wtfOq9IiqkrPahMc5DfFW4kWCAqsry6K9iGLGVuFW3ngO8q4UbCOXOr7ft3amwwh6w0eA+KhTu2DsCkIPbMpX8y6+k1l0JuyUWFDc9s3PFC4XGSRmy5oR4zMSrws4NBa29oyoIm52J+pEtwkXSlaL8aJ+IjArwoNgdkZi74AbIbliZ9WhLMGT3qvZKC532wVLNB6pOqXLfVkrn1I3GZFYIxIuhUWVMmx7VhHydCNEl1d6p3GPBgrleqnZBQ5u/qVhbERvVqcqNB66mTMESD0MmbqoMvZxPiGBABcr3HzAIzOQODGnsmgJYJ1DNRHYDN4HNcOTfPGzEf1Olcdzii38odaKQ0jr1By5wd8j4hGEeAID2iwLQ==
    DOMIFA_EMAIL_ADDRESS_REDIRECT_ALL_TO: >-
      AgCvP6DxESUnVQPIaBRfS67UCStzXwIzdd5NObPkUgNlaCQXXY3cPI9Z/hkkh2c7XPxt3caI635szzkjUb22S8+/R3ujLVt7qO7cOqtHh9lP6vmK2+dI4qLA8VWsLgr9h7QFmKCB0udSCJKzPtVQNt/GSGWieZHZvfpqTKaoRE4omhn0q8QqxbUeihkwNHyMWJScLRB9aojdcTvuX4PpYkFUIIa97uG5/Myxje3luCrsx3xLCRA95XdUeryrLh/aLcM+Uhegv2C3y8xA/YY8Qy/ucMIWd49mRNY42Tg0Xdrn08NfQT0aVFeD2JHGVu5G5OGUeQ4LVhKEHvygrDYw8HSktrI8aWIUMNqyeDA7eq4W1oHXfGdHuzZ/etOR9p+/cdkduZ5zJvG1zLr7yFYzpORfuCy7OfIL6I7nmAoVqIVs2ZH8MfWW/mLXjnB4T/W2CeXmR7cgOt765jny89c2GgIDhDW3liHhNexpchXxTzSDgdnAArbNScjVp9KqhzxG9bykcYAPfAhqP6Pfo38mn1Qxnk1ffRjgQ00sci8f2HvKUWVTvoTranU9y9i7or6PZU1M7gFKyzWpEd1RkMLyd6qI7calYlQYqFAX8KvsTtFLgv1izwcpfDcc//k3lBqr6IilRtvvVlEfXRvkSVLFCRpJ5zekfj50F3L4/2G/xhghMonMZSEVdcPKvS6SPjAAwPiEdHmEDO/axzE6x2byQpXEWfuzf1ktrOQawFGW217L4h0Ah5FCMw==
  template:
    metadata:
      annotations:
        sealedsecrets.bitnami.com/cluster-wide: 'true'
        kapp.k14s.io/disable-default-ownership-label-rules: ''
        kapp.k14s.io/disable-default-label-scoping-rules: ''
        app.gitlab.com/app: socialgouv-domifa
        app.gitlab.com/env: alpha-dev2
        app.gitlab.com/env.name: alpha-dev2
      name: backend-sealed-secret
      labels:
        application: alpha-dev2-domifa
        owner: domifa
        team: domifa
        cert: wildcard
    type: Opaque
---
apiVersion: v1
kind: ConfigMap
metadata:
  name: backend-configmap
  annotations:
    kapp.k14s.io/disable-default-ownership-label-rules: ''
    kapp.k14s.io/disable-default-label-scoping-rules: ''
    app.gitlab.com/app: socialgouv-domifa
    app.gitlab.com/env: alpha-dev2
    app.gitlab.com/env.name: alpha-dev2
  labels:
    application: alpha-dev2-domifa
    owner: domifa
    team: domifa
    cert: wildcard
  namespace: domifa-64-alpha-dev2
data:
  DOMIFA_ENV_ID: dev
  PGSSLMODE: require
  NODE_ENV: production
  UPLOADS_FOLDER: /mnt/files
  DOMIFA_TYPEORM_CREATE_DATABASE: 'true'
  DOMIFA_PRINT_CONFIG: 'false'
  DOMIFA_PRINT_ENV: 'false'
  DOMIFA_MAIL_SMTP_ID: TIPIMAIL
  DOMIFA_SWAGGER_ENABLE: 'false'
  DOMIFA_CRON_ENABLED: 'true'
  DOMIFA_EMAILS_ENABLE: 'false'
  DOMIFA_FRONTEND_META_ROBOTS: noindex,nofollow
  DOMIFA_SMS_ENABLED: 'false'
  DOMIFA_SMS_API_KEY: ''
  DOMIFA_PHONE_NUMBER_REDIRECT_ALL_TO: ''
---
apiVersion: v1
kind: Service
metadata:
  labels:
    app: backend
    application: alpha-dev2-domifa
    owner: domifa
    team: domifa
    cert: wildcard
  name: backend
  annotations:
    kapp.k14s.io/disable-default-ownership-label-rules: ''
    kapp.k14s.io/disable-default-label-scoping-rules: ''
    app.gitlab.com/app: socialgouv-domifa
    app.gitlab.com/env: alpha-dev2
    app.gitlab.com/env.name: alpha-dev2
  namespace: domifa-64-alpha-dev2
spec:
  ports:
    - name: http
      port: 80
      targetPort: 3000
  selector:
    app: backend
  type: ClusterIP
---
apiVersion: extensions/v1beta1
kind: Ingress
metadata:
  annotations:
    kubernetes.io/ingress.class: nginx
    kapp.k14s.io/disable-default-ownership-label-rules: ''
    kapp.k14s.io/disable-default-label-scoping-rules: ''
    app.gitlab.com/app: socialgouv-domifa
    app.gitlab.com/env: alpha-dev2
    app.gitlab.com/env.name: alpha-dev2
  labels:
    app: backend
    application: alpha-dev2-domifa
    owner: domifa
    team: domifa
    cert: wildcard
  name: backend
  namespace: domifa-64-alpha-dev2
spec:
  rules:
    - host: domifa-api-alpha-dev2-domifa.dev2.fabrique.social.gouv.fr
      http:
        paths:
          - backend:
              serviceName: backend
              servicePort: 80
            path: /
  tls:
    - hosts:
        - domifa-api-alpha-dev2-domifa.dev2.fabrique.social.gouv.fr
      secretName: wildcard-crt
---
apiVersion: apps/v1
kind: Deployment
metadata:
  annotations:
    kapp.k14s.io/disable-default-ownership-label-rules: ''
    kapp.k14s.io/disable-default-label-scoping-rules: ''
    app.gitlab.com/app: socialgouv-domifa
    app.gitlab.com/env: alpha-dev2
    app.gitlab.com/env.name: alpha-dev2
  labels:
    app: frontend
    application: alpha-dev2-domifa
    owner: domifa
    team: domifa
    cert: wildcard
    component: nginx
  name: frontend
  namespace: domifa-64-alpha-dev2
spec:
  replicas: 1
  selector:
    matchLabels:
      app: frontend
  template:
    metadata:
      annotations:
        kapp.k14s.io/disable-default-ownership-label-rules: ''
        kapp.k14s.io/disable-default-label-scoping-rules: ''
        app.gitlab.com/app: socialgouv-domifa
        app.gitlab.com/env: alpha-dev2
        app.gitlab.com/env.name: alpha-dev2
      labels:
        app: frontend
        application: alpha-dev2-domifa
        owner: domifa
        team: domifa
        cert: wildcard
        component: nginx
    spec:
      containers:
        - image: >-
            ghcr.io/socialgouv/domifa/frontend:sha-9e3027bc7c6dab66be874658abdc12c946fd0357
          livenessProbe:
            failureThreshold: 6
            httpGet:
              path: /index.html
              port: http
            initialDelaySeconds: 30
            periodSeconds: 5
            timeoutSeconds: 5
          name: frontend
          ports:
            - containerPort: 80
              name: http
          readinessProbe:
            failureThreshold: 15
            httpGet:
              path: /index.html
              port: http
            initialDelaySeconds: 0
            periodSeconds: 5
            successThreshold: 1
            timeoutSeconds: 1
          resources:
            limits:
              cpu: 500m
              memory: 128Mi
            requests:
              cpu: 5m
              memory: 32Mi
          startupProbe:
            failureThreshold: 12
            httpGet:
              path: /index.html
              port: http
            periodSeconds: 5
          env:
            - name: DOMIFA_BACKEND_URL
              value: >-
                https://domifa-api-alpha-dev2-domifa.dev2.fabrique.social.gouv.fr/
---
apiVersion: v1
kind: Service
metadata:
  labels:
    app: frontend
    application: alpha-dev2-domifa
    owner: domifa
    team: domifa
    cert: wildcard
  name: frontend
  annotations:
    kapp.k14s.io/disable-default-ownership-label-rules: ''
    kapp.k14s.io/disable-default-label-scoping-rules: ''
    app.gitlab.com/app: socialgouv-domifa
    app.gitlab.com/env: alpha-dev2
    app.gitlab.com/env.name: alpha-dev2
  namespace: domifa-64-alpha-dev2
spec:
  ports:
    - name: http
      port: 80
      targetPort: 80
  selector:
    app: frontend
  type: ClusterIP
---
apiVersion: extensions/v1beta1
kind: Ingress
metadata:
  annotations:
    kubernetes.io/ingress.class: nginx
    kapp.k14s.io/disable-default-ownership-label-rules: ''
    kapp.k14s.io/disable-default-label-scoping-rules: ''
    app.gitlab.com/app: socialgouv-domifa
    app.gitlab.com/env: alpha-dev2
    app.gitlab.com/env.name: alpha-dev2
  labels:
    app: frontend
    application: alpha-dev2-domifa
    owner: domifa
    team: domifa
    cert: wildcard
  name: frontend
  namespace: domifa-64-alpha-dev2
spec:
  rules:
    - host: alpha-dev2-domifa.dev2.fabrique.social.gouv.fr
      http:
        paths:
          - backend:
              serviceName: frontend
              servicePort: 80
            path: /
  tls:
    - hosts:
        - alpha-dev2-domifa.dev2.fabrique.social.gouv.fr
      secretName: wildcard-crt
---
apiVersion: batch/v1
kind: Job
spec:
  backoffLimit: 5
  template:
    spec:
      containers:
        - command:
            - create-db-user
          env:
            - name: NEW_DB_NAME
              value: autodevops_9e3027bc
            - name: NEW_USER
              value: user_9e3027bc
            - name: NEW_PASSWORD
              value: password_9e3027bc
            - name: NEW_DB_EXTENSIONS
              value: hstore pgcrypto citext uuid-ossp
          envFrom:
            - secretRef:
                name: azure-pg-admin-user
          image: ghcr.io/socialgouv/docker/azure-db:6.0.1
          imagePullPolicy: IfNotPresent
          name: create-db-user
          resources:
            limits:
              cpu: 300m
              memory: 256Mi
            requests:
              cpu: 100m
              memory: 64Mi
      restartPolicy: Never
    metadata:
      annotations:
        app.gitlab.com/app: socialgouv-domifa
        app.gitlab.com/env: alpha-dev2
        app.gitlab.com/env.name: alpha-dev2
      labels:
        application: alpha-dev2-domifa
        owner: domifa
        team: domifa
        cert: wildcard
  ttlSecondsAfterFinished: 86400
metadata:
  annotations:
    app.gitlab.com/app: socialgouv-domifa
    app.gitlab.com/env: alpha-dev2
    app.gitlab.com/env.name: alpha-dev2
  labels:
    application: alpha-dev2-domifa
    owner: domifa
    team: domifa
    cert: wildcard
  name: create-db-job-9e3027bc
  namespace: domifa-64-alpha-dev2
---
apiVersion: v1
kind: Secret
stringData:
  DATABASE_URL: >-
    postgresql://user_9e3027bc%40domifadevserver.postgres.database.azure.com:password_9e3027bc@domifadevserver.postgres.database.azure.com/autodevops_9e3027bc?sslmode=require
  DB_URI: >-
    postgresql://user_9e3027bc%40domifadevserver.postgres.database.azure.com:password_9e3027bc@domifadevserver.postgres.database.azure.com/autodevops_9e3027bc?sslmode=require
  HASURA_GRAPHQL_DATABASE_URL: >-
    postgresql://user_9e3027bc%40domifadevserver.postgres.database.azure.com:password_9e3027bc@domifadevserver.postgres.database.azure.com/autodevops_9e3027bc?sslmode=require
  PGDATABASE: autodevops_9e3027bc
  PGHOST: domifadevserver.postgres.database.azure.com
  PGPASSWORD: password_9e3027bc
  PGRST_DB_URI: >-
    postgresql://user_9e3027bc%40domifadevserver.postgres.database.azure.com:password_9e3027bc@domifadevserver.postgres.database.azure.com/autodevops_9e3027bc?sslmode=require
  PGSSLMODE: require
  PGUSER: user_9e3027bc@domifadevserver.postgres.database.azure.com
metadata:
  annotations:
    app.gitlab.com/app: socialgouv-domifa
    app.gitlab.com/env: alpha-dev2
    app.gitlab.com/env.name: alpha-dev2
  labels:
    application: alpha-dev2-domifa
    owner: domifa
    team: domifa
    cert: wildcard
  name: azure-pg-user-9e3027bc
  namespace: domifa-64-alpha-dev2
---
apiVersion: bitnami.com/v1alpha1
kind: SealedSecret
metadata:
  annotations:
    sealedsecrets.bitnami.com/cluster-wide: 'true'
    app.gitlab.com/app: socialgouv-domifa
    app.gitlab.com/env: alpha-dev2
    app.gitlab.com/env.name: alpha-dev2
  name: azure-storage
  namespace: domifa-64-alpha-dev2
  labels:
    application: alpha-dev2-domifa
    owner: domifa
    team: domifa
    cert: wildcard
spec:
  encryptedData:
    azurestorageaccountname: >-
      AgDE4pWuwcEp8ITzcuVae5j/NMnuIPvTbMujWDUmiwYQPM90apjZsEgzQWxKN+GaW/8nGAUNXCGvoy14vPfHHDm4ge2OfRgnRmu8/agKehcb2ljieZEXqbg0grNe+VydahSeqoOuJR4kQtCVgOwvsGkAeLtbVClXZ9JWmCMFMA+4WVDpREI7AjNto4lacMwIPc505y4NFwqMr8iLlDJAbk30BLqX3bx8qcemDqVcc0I/QO4MmElBefAh4tc++euDVj/NKLClTwMo6fnqVwGNf8KYtuTCR3E/am1riAt3LorwOcBZNt5mjH1L+egvPSrDAslmrPqg+o5zrof3V7ZctGZTjjnV3Nm1xj1lt175hrsqjaFayo4U0/t+Ye+7L4TVhDXr6xvoZtmN/044DKVtgSJe8xmIq/93WJDgzONXICF+sJvAzzW9cldO/nPPYUL+prt26aZnmxcvx165keW+Ps6vvFvq6EZ8lGzdS97vI+nGKsjcntllByNOeCsULEfxhq6hNIHYTllJGtdE5FnQKFljZ2Yyysuc5FCqlVQmSPhKDFRFpKl0ZXEsqSmb6UODuZG8vhp+ZooOdNrNnVnLTMXvexAXbHPR4wbSY7xbDYRLIZ+JjjiItkqJGrnPV5kh280AwWssabVYffsAsrjnbV6b2gqpzf87R37iZF1dM0Be2eRLm3/Z+qMc6r89y4LIJJEPjCHPyf/1+gM=
    azurestorageaccountkey: >-
      AgAZd+nBtOoqY7/1rTUEzcw4NdarvqEgaKELaJyjFcHK8An58zaXVJ/Z6mU2gxd7f/ZW+nKhmepH6EnRogrIHRKJB6mzX6G+crC8CUgy4GXmIV257PiPDf52W/iz7yVbz/hYc/wPcZq3ctpXx1UwBnVV/71aKpEmEujetL3MUyEA1OZMiT8Z0Hulv8VmJrnPBHZUOyuGLfcq7zLF6yvvEMS27NAmvijSuK0UoVKTf3EbLyj9GZYPogrZuqgewyl5Et3WfDB4wM7fwvL+h/Pcu/AEvVfAtEwMxR7kDg/SUqwgnW0aECByOL4VCgEfPu9nJ/dD6xQz95HprHCEcmfBjStVImwom/WvJ/p81uWqQlduB4sQETQoO/tU6TJFbJfcGfvZApijGYep/eK3aFByYWsx+yMEQNF5S5LaZj9UxRScFSfIhZn4Huo+pRX6BrJqw0bpWKroWfMfidqOLK9vwibLuSsZNh/k2HT3l5GonvTiugyKILSE0JtkBtq5fq7L/wQ41avQXuXOolXKt+gvZXBqnO+zNP3I0ctA1NUGVbbEis86EvRQb1CtSNUkAPn55XhXQkJ+jnb/k5jN93hv8B1U/5qlXd6mDtrN/5fd6daYGIS+I9N25uOLmlnMmcfLqH5oTxuSf9Lfgqei3UZIih+Kc77vvmNKaqL/YVGnfyJROsSsUButko4EWJd5/FL0PRZ0bpCrnyn59U785gLGTtR9Bj4Qb1WcDE/M9Z1ddKrMz9t29axQKxQYO4y5hR3j6l0tw7ZxqxdzydbL7FQ0TzSwVyS+aTo0PujCMYVxD1z0PlhrlTprb29N
  template:
    metadata:
      annotations:
        sealedsecrets.bitnami.com/cluster-wide: 'true'
        app.gitlab.com/app: socialgouv-domifa
        app.gitlab.com/env: alpha-dev2
        app.gitlab.com/env.name: alpha-dev2
      name: azure-storage
      labels:
        application: alpha-dev2-domifa
        owner: domifa
        team: domifa
        cert: wildcard
    type: Opaque
"
`;
