// Jest Snapshot v1, https://goo.gl/fbAQLP

exports[`kosko generate --prod 1`] = `
"---
apiVersion: apps/v1
kind: Deployment
metadata:
  annotations:
    kapp.k14s.io/disable-default-ownership-label-rules: ''
    kapp.k14s.io/disable-default-label-scoping-rules: ''
    app.github.com/job: '5678'
    app.github.com/ref: refs/tags/v1.2.3
    app.github.com/repo: socialgouv/domifa
    app.github.com/run: '1234'
    app.github.com/sha: '0123456'
  labels:
    app: backend
    application: domifa
    component: domifa
    owner: domifa
    team: domifa
  name: backend
  namespace: domifa
spec:
  replicas: 1
  selector:
    matchLabels:
      app: backend
  template:
    metadata:
      annotations:
        kapp.k14s.io/disable-default-ownership-label-rules: ''
        kapp.k14s.io/disable-default-label-scoping-rules: ''
        app.github.com/job: '5678'
        app.github.com/ref: refs/tags/v1.2.3
        app.github.com/repo: socialgouv/domifa
        app.github.com/run: '1234'
        app.github.com/sha: '0123456'
      labels:
        app: backend
        application: domifa
        component: domifa
        owner: domifa
        team: domifa
    spec:
      containers:
        - image: >-
            ghcr.io/socialgouv/domifa/backend:sha-9e3027bc7c6dab66be874658abdc12c946fd0357
          livenessProbe:
            failureThreshold: 6
            httpGet:
              path: /healthz
              port: http
            initialDelaySeconds: 30
            periodSeconds: 15
            timeoutSeconds: 5
          name: backend
          ports:
            - containerPort: 3000
              name: http
          readinessProbe:
            failureThreshold: 15
            httpGet:
              path: /healthz
              port: http
            initialDelaySeconds: 30
            periodSeconds: 15
            successThreshold: 1
            timeoutSeconds: 1
          resources:
            limits:
              cpu: 200m
              memory: 256Mi
            requests:
              cpu: 50m
              memory: 128Mi
          startupProbe:
            failureThreshold: 12
            httpGet:
              path: /healthz
              port: http
            periodSeconds: 15
            initialDelaySeconds: 30
          volumeMounts:
            - mountPath: /mnt/files
              name: files
          envFrom:
            - secretRef:
                name: azure-pg-user
            - secretRef:
                name: backend-sealed-secret
            - configMapRef:
                name: backend-configmap
          env:
            - name: POSTGRES_HOST
              value: $(PGHOST)
            - name: POSTGRES_USERNAME
              value: $(PGUSER)
            - name: POSTGRES_PASSWORD
              value: $(PGPASSWORD)
            - name: POSTGRES_DATABASE
              value: $(PGDATABASE)
            - name: DOMIFA_BACKEND_URL
              value: https://domifa-api.fabrique.social.gouv.fr
            - name: DOMIFA_FRONTEND_URL
              value: https://domifa.fabrique.social.gouv.fr
      volumes:
        - name: files
          persistentVolumeClaim:
            claimName: files
      initContainers:
        - env:
            - name: WAIT_FOR_RETRIES
              value: '24'
          envFrom:
            - secretRef:
                name: azure-pg-user
          image: ghcr.io/socialgouv/docker/wait-for-postgres:6.45.0
          imagePullPolicy: Always
          name: wait-for-postgres
          resources:
            limits:
              cpu: 20m
              memory: 32Mi
            requests:
              cpu: 5m
              memory: 16Mi
---
apiVersion: bitnami.com/v1alpha1
kind: SealedSecret
metadata:
  annotations:
    kapp.k14s.io/disable-default-ownership-label-rules: ''
    kapp.k14s.io/disable-default-label-scoping-rules: ''
    app.github.com/job: '5678'
    app.github.com/ref: refs/tags/v1.2.3
    app.github.com/repo: socialgouv/domifa
    app.github.com/run: '1234'
    app.github.com/sha: '0123456'
  name: backend-sealed-secret
  namespace: domifa
  labels:
    application: domifa
    component: domifa
    owner: domifa
    team: domifa
spec:
  encryptedData:
    DOMIFA_SECURITY_JWT_SECRET: >-
      AgBWYVYc95l/OWFPhmfFVq2XlbnZhNn8T5d7BtRPF6eeo0B/RMBxzRbwR5A16CNpL8Q8A0usFenwIYl1YUINI5OMi9eJOx7oQWI7Q7wJIHYiN/Dqxr0De3PIwhhHQidxdGLo+6RGkUDdhK9KQB7zayph3KoH7R2C4UYzis52afNIltgFuq4tGC1/D6GGW2L3o4xrVLiUiJ6dllEY8NQoEr6lPyMp9dduCr5yvyZUR4BLZ1yIca+eRMNKS8aXZ4GwGUTEZo/KSkW+7CEMv6Oc4b1pkrp7QBQ57BTjQGW1W9SveT5ridMreDIybl6WohxHOiC04mixUbN+9z0+Nl2NntVf7OqONtgnhrJWjOSUwEJswwYZJzLfLNPzg5YjaMZuXrWJJv5TEmXNXCksHHt1SvpRAJAE3uhoFBQGlkqsTBnP3ih4t6hdTfj6wA0uxobl5bbqzc/6HfrcFHoNNyKrilRYrnLNlQNuM/WQePljSoFlPKTyHDgZjdMOcD3FM9TMcYSBenqMclMv78a5XMemOSeE+YvPdz9cRoL0ykh6NudClvKGEprQtNM+Wy+JeH3vqaahRCTBHeRB54rnry8KTKfqFKlDRLSf8rx3M0ZPNQsmhQW2VLuXMT/ywfpPN9vkffuxlVTknFXWtzvyaBpEzHqc8DKaadLDup9+NvMX9A4Bc5bC8pZ0pgU9GGYY3Y3UG9g1p//ljAGvgLEkUc3hRPm6OfQN8j4O/4A4Fnv5YlMiDlfZz5v+95dJCv022Njpi/s3e+01GfxN260Us7YQu+gOhDUrBJKX+nbg+tY1eEXWkpLqq6mTqdz2ToLWDRrOun/XwKdIctQli9X4Aatacv8ltBtFHTzDvLyd7V8e/9Kv/B0oBwElbsfh/0kowPrG/9EPvCVqjJfMKHQUFx9aGn9IoPjS7ZUKxPcRSUKkf89l/IBz+8nB6tai94IUcjHj4FmAG+1AYq8yAN8vZ3KW4lbxNt9ffFFjz2yVbhNK61ousfXjIVpSiSRNTX6T3guhEm6jRC9c0fi6HN6PInBeRLZx
    DOMIFA_SECURITY_FILES_PRIVATE: >-
      AgBKJ1wRC4dDdsEprJJElNqme1lYVyIbK0xSC/Sqt5rfG1+SuzC0/Y+08IKf7CQZZDtOlOCZlCvVGZQYznjCExTBz7HFHy0hQHqObKxiewa6VwJjAooF3wHz2um7uIGW3m3iCOPPFm+sBxq0/m7mhn9LQylXK1Odw32vJoEA2MoKlfdnVvWgqt3tg19XunoJtqaqOAluhfckxf+D1Ru0mA2QboPQvNs0hz+31Mf2UCgA+w3xi5wrwpVpKEuy+Mru1gwoeTfvUaIfzBo8K229XMmb5fJ5wTEBS2mQ67s+hZdyVyrE65CzmaACn9hSY/L2RVeSdsxQRlHe5AK1AHR/wWclFePgZ7Eh5yrHMNKfKdYM61IgE5TsSJd2bM25H31Zrzcj7BZK2et576ojhulTr1aUZ+PN5iFrjtMhaUuT94ioBiYK0JBPPmVbH/1KYZHvQmN2ScT7/5/W+OMENJ8/BQD/hlvRRiD7oB7wsYCcML0AXbvGtnSK7zDxwqeyHjyDVVMEB+ThrM7UqX1Icc2Ygl11Wz6RXdejweis1LJrF6Hq5rmsag2hKL6vIiZNJyr4TDAn7N3RbXOMd3OVc6aH33UaoSLy1FptYRlktMthewnUokWl2+n89/e/m5LQtu16wrCtcqP9AFF3WqaMjXF8ueomfda0Poqp+lYD/Zmvs6u9ttz6xKAmHFQKit5C9VZfIcxArjL4/3YWHKo+jp6vYGTpnuhtRQ+zYrcPGCDrU8FIpA==
    DOMIFA_SECURITY_FILES_IV: >-
      AgCB/vGBJeAhz7IjIp+nbz77ZjyLN5K6Q2ycVedKCzQqCCg0mjEYcaZ1dgfhdwQM5S6rXK3+92T9T95Y29MVNZCmbeKlBnAQCmClfJmMhm5kmQmG5o76LB/zKvhEGm1B3rpfuikkPexT5p4bHyKvH2dftz1I9XGnVTcf3XytBlxR8t2AvCM02uCh+UHmJP2+KyPagBj/JiaI8f2dgyqMdz9IQSZCPntIEvSBS/UtPpKYabUlLlx6TG3bH7vhAYCEhCTRGoXgWmaLihkGvencnFYRfrKTKxE14rkICB63NosDtCVg6I+ROYAXG4PJv1fIo1tocnq86ROf14Tz0iLdshPW1q4sBNy+b6Wh57y4LK0E4fnzM6dxpzBZeEdKGWoAEQS5Af6S3DjCfrZN8DQDbJU0giW15CL15TYb1NBkRYZxw0G0yrDKD4gy3g+JivyY8p2CIFS9fuNLoqMKa3SMMIYcB9pmOdLhnMxmqIBPjJepx4t1XliEqKzUw6sylwhNWfNGxQ/F0vI08FYNqvXbg92a3eORa13FQ4Mef0Oew7ehghRV4Q/lt3VYThU/W8Kd3O/rycFKfyBjXNdHoVnd4dcyXUF+y7VNmzugSz0giduWoI/Z/Ein2sRcxBsCvMHTf2sNCB/Qcv9rHrXU8eWr2FaK2+bcqD2bApmJA2CYFtBQaXDqGNsI7Sn/a65okpjLbp0bOOjJgxkyJ6u3dLY6O5Zx
    DOMIFA_SECURITY_FILES_IV_SECOURS: >-
      AgCrIDdjTEk5no7IfjZZcpa/cdiPs6maSB3SLqUUfkfISI4JHyGxNxTgk0NUyjzTZxw/oCh8f35C9cErXONXxUHwllU/cy+e7i9lJThVMnDkC3VS73KXB25DOjYcIhO1PQJ0FLi4MbhoGENZYByy2WE0Qx2uI4hft4EtaNZKw3usR7XjBg/B/BvM3XEiwElZBGRaC+iuM9tjSJMZpFWhHcHFL6XrKnEGHQGmCvBho0eoQGV5lkX4GxD38D+UrM6YzrMVEVbHvnsN3ObGHzUfEBe6ceu/adANUosMgB1zlI8yWO35qq/MSOf5mBDY9UhwHNY/f0xvKDy6g447TlftNXyp2jkjMEWfTevmY+8ofyFaVHnCErJfIjXJU5srWTRnQXoKZHGJt5LZLbSqJDXTE89xkcjWKQnenrugTkaDB5uVA88FfgR+7stB9kglaUdl1h8nhWS5bmTlqVKPz0DDWDtEswCEREFpFAtstyj2G473fULDOOr37yPooJpZUuEAnviEiZUVt7lbcHJXIlJeR6OWfZNFP/l2F438vCPYXZzSzmgowPJsXeyq1vTQo9RF8VmWNOEU+Gd4tia935YQGC1agqsMUL1MvZoM/9aCM77holiTVwVDyPXFfgS63MwzvFoqJvdo6PakJ9M+2fYJ0cnvwmFR5wt21hAf1ZFYaxmcs0cp2JvrB9vLsne7XDlznjUFgBrknRSIUfNybCy9ltls
    DOMIFA_MAIL_SMTP_TIPIMAIL_HOST: >-
      AgBcTlfNdgd26LdBZ2VX+6+SAW/C370wREwssvLEesGx72WH65QerfiXXVrN/Iv9S/G0Z0PJnTZQeWB0xyhsru8nwP5OLFYlHXkz22RLVX8U/MLoxGU+wQZYFyS6WT95V3L7oPGhsM8laXYjXWTo8p2YyFr7xPshDeaaKuDf+hrRIXzFM2y+kALDTfZwM61gb/pgoPMsIOUjHwmFGG3+7rx32YaqqVZU3nRexTmtFb0kC5FxealynCsEJsiDTADo5o4iHYyPMc8Ga/nj8fdhIGasABeikXyVwWAJqFPLBGDgkVpTBHrvwL79OS6swZGiUqR8+EwRTRGh8tKHOZBkaVHwdBWPfBsGc+EZK2tpES5qXqHplqydmQ0vLfcdD7udD9MDA6DLLgCsAjUnNs47n85gNUActXBkBAe2KrGNmaKORwa6MNqvxGmXNx7lRGxsHkHZqVdUacgTGYmQ/xSj5VZQebjEscl5hhPv+aTIDTyrcEqPYOh7rRiGUn1vZDtBiKQtAjv1aLnUVnmDtg6MVVWi5pznBdKtEG6/khWz+ZUgDRMje66NhpNviIA9xbFPUhmmcgZcf5Ng8kgVy1yyzvXRAWxI1+MC6/fmeHmXAXVjJ/E5QBaHs1zVvWRuuKXa0wlWsc0GxFtiwkZcif3v3TOw2/o4QGVSuLIqTlGwsZbbyCUhKIhDNvhCJrtiasE5HD3BhreqfYTOwwTUNo/PjV+L5A==
    DOMIFA_MAIL_SMTP_TIPIMAIL_PORT: >-
      AgAHvgOsbIDj7rFQSIKd48JGRM4MiTmR5Cn7JRF+zjQsNyYuqLMRfsO9WcL4/Qpy9vU72zBHJd7j0Bq/KESkHFW6RpVMmjxQzumGHtK19kRu6aJNkYma17PlIQPnfFnGcbqnWbRxf9REPVUzihHQr2V2tl/QxM0/HfKmLLTTswAAc9DJSQtX8Z0WCvzt+hYltnhd+VPp/XYaQ1NHNb4TFIGQPJHiUUY5DyGee3zEqRlmY7DWISdXoQTkjaNebVcOqepwS8DvIupCTgQRpBv1Qrw5FxJOmhJHc5w+dDnYS4F9R8mroDD/a9V99z/xo3mRqHnwmpLPMrYP5kdtF/5U0+L9nbcslfS5v2Kcp4qevXIk0Z2BVtYS0uRla91D44uo8bmE4uHXvxjsILud1p4CFhBGcehHNmYoroNbBwCLKZYjoEM/rs+S68KSYgC7l+D4wkVmIAjhEOS7i6JQZv/3BaDX3nIpPXJ+ENHK7unnr5nfdkFUz6RFmSouSBV+TH4LKfGnj0xtzAby7OD1GmCNtMDctC9ElBdCgvp7oVdKfBM7tC449fewbAZ7hV1jZtks1nXMsbpKV0OL08NlVPPXRrakpqCdVd2fUudUYRFyJMQj7Vjxpso4aj+jisiVGoKNW3vgl5DhV3nmTEYwrOVHxE7ZdIqoqZ4sqgkUkeMm12EuXOk+/s++vDkgwmrymzEmqjmJihI=
    DOMIFA_MAIL_SMTP_TIPIMAIL_USER: >-
      AgAYi/fKvLoAZBbmE4+yDhfB8zN+QIMD8iqDvHpt+wH5n1vRUh+Ng0bWQYa3LNXh0XJ0oPiZEc+JVCA3PxaTTQlqXWyW0yLmxHJnqWzgVK4/RDq86J8ceTNb4owgk3ds2sCZKwWJWFOBBNDFWwrciOd+LA/K4zJ6/VpD1adxz1RHATeCxh2NzLsBvMDp8/oxIHzP/ee8QuXlO2ex1e4d07cv3YVQ1h4TDPHxHMB6LFGd39H62icyaGPheJPPSeAmAtdlJATvYZKE6iA1N0pTTXr0/EZ/ONkQBeOHGjUQRXOq/3KgZzjMT50kdATShtt4uOfWzCZ5ZWseqTsiygWDPdpOarL5lVSJlgStuBK5qtCojMJ1L/xfBxVRu7sITS2ivGhm57P0+zLxiVmTQIGsZozc4Ew7YrKxfTTk6oSQlZJ4S0yJe2gvy3v2IGOeeyL6Xyi+rHXCvrJuhmqpBZr3FLNslU69RKMllKMC/p1Chk1s2A7jmmi1dUgmVnH10awtZcSdUSJyURVzgMfpp796ralalCTFE1fze8V+yATiWnHqtsxOeJFd9Nlh1tL94gUQwyZL5VfbnHRhBwlxP98aGSqsw0Tp4Diqv8BvOoAdd82w77hDLSrFjvZnrQzFO4FNiguAet1/C5Z9jkUVMln4QSW24Cqt0duPgsXgJuV6jr4UQPjkx8MEObNkc/YwT4u1MfvyFbx4xnWVPCi+DsFGI6rTanWghcdro+W62Fjgle94nA==
    DOMIFA_MAIL_SMTP_TIPIMAIL_PASSWORD: >-
      AgBejHZOp8/D5yfUiudCITKctJeFciDEh/iMYsYk4na7VehDtgmA42Zfa2E/fA9o8EJ6DKb7Gxgrln5r4GHPgac730PKLJNeWb5PODVPkfjpFuJMhJl45LYXhftOR+wb5h0ABKTO2SpQvx7QGYvfSPqMqsfG+5xC5IleyiCgm0xi9YK5DuTKufVaA2cb/alOjLMeaidCrNxER8JR2yyZZ2VtTAdqXTXTtmrxDts3EoWePp538k3LkBXO0HMz5sN+lHotR73QwdzqTXteCfqbq5stA2YO2Dym1smg3cdlPXLMjbmesWUSyCPwkvKsYN3cLXa0uTr5V+UE7NaEwa+DFuUykQDKjoPkIiTSEvv3cRqXDb5OlA5Q0Uatg3jTSSaHLZ1gVIK//AJ5gow9FoKSBHcbcgR2DxINpR0PbD2BgX65Hys+IMG2XrI6u8A1uOTG9G75fFOGZo9jXvteSe/87XQbva9nvmzbT4FLfwBrYUnNEtxQG3n8yHhujRdzJSV482KYbQ/8VDjn28OB3t+TbjY7g5up/ZePTiOBqVCaNA+EgJJPG46nndn5a/OXpZ7oxi7mXa9/aiU4Z4TZbChgwMZ6pXvcmrRvjlHuzmLmWrhvzPbYmkdeCnusnpNGNo4Sj3L2n/DEzn5RNinMDorMWzD077ZcTGhypxxtfHqn5I3WevKz8Sa0hxw45kGTvAgPzPvBmruDGb8y8jf93V/3rHh0sc2+gxKhWnFMnqwoYk9Ziw==
    DOMIFA_ERROR_REPORT_EMAILS: >-
      AgClwIV/j2QwzVclHIPnDYguO/KgfB1UM0vqkab/C9H9ssHoXizTQMuFVgeGSkzlapJ9vD9VVLBDJbk2KtIbr8vBwNJ/rlvS1QVtBivf4+vndjraPnIqHau7RlU4YnNPcKnLmYkO8JDCXtL3hy5aLlJbytLdInVcFZeyZW4H3+MPYnCELRFpYu4/KbDF+phEApp5RnW31BGjlhBN7Npfa6VGKO5hENGAb4K/oYOD+nuEdWynSVkcYpwzrL5jjuGU6PJ31IjCD9UT6GUj/gJl+y4ZphaaYaMKL3F47PAXNxljFsWn6TlFW4ygO1GSlO1LRYH0R6jWRXf8qlGKISUv0HIvQ8xw5LUOErTkFQQpTwvfdLX2LfgD1ro02rBvv9+YTgPtB9LUQn5DLwEbHsSHkVvuwQn71bWsIb8zLTssJpw8MvEAgW++xxyJE8wdh1B886CqJpvfpssYgZWy27W1WZreiQfr/Plc4FDte37jCZM9HV3qTynp3IvntRctUaD+Qq4EZ0rUD+37m8p6zCp140kK+ZCrmxz2KW90mfXkuAfoQt7ROHR/jiL5b6t+6I9nZ7NcvNO5jJDy1xH6YfKkgbs1ks05Crjqa8zvA4/cK02cR58E3JsqpXn//FRT96qCuaf9GYJCuW+6V1AbH0bWfORSrnlq6GX4D3cP+zdWgNMrN/9cuEnKv8XCfP6QullKYrPBTbX8euOCkoRFw7qzkZLqcl8FYYy6BCz9r0/KKoy+DVJAxPDi6I+GgGthzFVUIA/9QbIN7KYiFfvB6quX29u54RHXG0T57NRdKBiMIUY6
    SENTRY_DSN: >-
      AgBs/QpvjmzyrNiZVp53I5uHd2Deih1wHpZP0AXUiRHsV0ToMbib9lx71i6shZ036BpWCITpuGc5A1XThTqhLMa3M49shn4FL7ZXaZH07B4rP/ADle3AksItfBQgTSS20G5DSNXFY0lZo5kVqZfhh0wJbaBW3uO+rSmuj/EL7yvy8Do0zxFdZCu2oVL/oEsvMiYRarsXSWVTT6rxeWdl85VeOXO93V8jiXrJyT8VKixqRWeCp4bX9O+l05GBtLTvIUkVRAq+3RhmvmGptms7RWnFUUcPyeM9a3KAaYW2FxvxRrGmoo8YX6T18f7pV3bknhibL+/h/Rhl0OdYe6AKsfMVjx2Niu5GhOj2N2NZxni8jqpSx8gCbM71MuwT3ePossueGRSkdcRMPd70bI4RRkOToEmNvQ7nhjUqD8cCuc5PP46wiqTx3ej/PaqU+qHUiWHZ10xov1qzLXh6bv+0TmIG949Zt/fVmZouEH8pdVHvRgAl90wc9nGLJ4U/1KTjZM9fYeraiZ2MJ6RmiilsshfMZx9vUVTbsb8awPsFakEuHTkbx2E/RqfFXLBScM52WLBaycRQmwXcIqO//6l6loqnwOcGOu4mkyuVtRf9UKOe0WAGAdgWyEVYDdib+Z+XRbVH24yCfSUBa7cgoCIACs5eVZaYCDqKzEGcIDqQ7JGz9u6rdiA2HtB54ROQGsMlTbEHm4Sma0CwXoUUYSwTzLLXOG8eBG2zMmZxInJuUlmHABvW+1bEmQ1YjC/63hHSsAdrRfZKVsK+GRoPNQ9xhNXUIXafNk6Q2M8JlA==
    DOMIFA_MAILJET_FROM_EMAIL: >-
      AgCF51pRGhEsPHSosxEDSBLiU6ZsIougaX27RXGbpoobhZcyoyRo7YgPPCM8P69sEwqBznXnVNOTDAZSf1nhHk2atIFtEFlJflBOvPT4KpVZd4q8zTezY/nWQQlgHYlatqr3nvg7RNPPhbLBjmx1p+icO0ZHv54sqyqnxP89cNPo2IP7xNHpvlcKnFxyotrvSF/CrPF8ZiGTDPojCrZWbM4duvo50pcs+m+xuyM1uTlGYolJP6C6T55BIiVeP/2G3brBODwounN99BDCULhFg1GOZ6wbtu1jcNTkd5QRXhEMOeqB7LUgFxz/uKm1U3Z95tNVg2lMRBIVKLhXjfTc0JX3H0zyiiIIyf2SEQ0dWS7MPGcgtW/vWCppiSK6Y4uaNfbpy5p2lp/xCM3MaGogZYDv3Tb7kHeADbpZbgDCXqat3CHvacGqelU7IOWArj8BNWk6nRzAqL05OsUrx8A8Obomo8JcVtOV0ueW1uxhVgdBVYnocAVtE6aLXwAV0P/rP+Laclo6UU0ifSbgfqMK4ydbSgzG8pF8kVHYwwqYL1UrvHVN9PSXalm3wKIPw8o36m1lnoLyORVBAaO756FNhTs8uXZJNBQJzeOs7GN07IigWshu4LYkk14iEIkYtEWoTdHcsbg2mfPuSe6qKywhrdaReMhwnQhXzRbHtT/TEUgAWs6lY0pbJ/LcZvFFBmKiJzTChdegsWIajMdoKepYRThSZ8Ho3ugNyX3cWW680Gi+dkOVjnmv3A==
    DOMIFA_TIPIMAIL_FROM_EMAIL: >-
      AgCXRXA03wT0lXjrPXl4ZRX5uqzvOEulL00lygHbV4goGUQSlREautrIS3TS7qKzDSWm1skd4RT0YvsKIL9Z/7ZKyl5xIrA40EnN1WDpPV6jtM0KvtSCk4EDqTSQoDWEJxHjE9FJHQXMZxyHdfDhMrcW8BvEzBb4L4T99Btnltq2Aebw1xzO1+knV50M3QCJFiVh6QijWBo1OcaL8mV5NEKB9+qJVw//qw1ULgmKVv4EOfse+44Uq9WvOP7Mlla/gac458qRx1Yf5lDh90vhxf8maGNhD3PK5gTCzqnAu9ncEH919O1ASR3kUJ7Lg1PAYnqeehB6Mjm6N71S4Wg/AjCMqqo8OdQAeFH+gO/pUWchbZ/2MkNjWWXc2PXjeytLPJczEWOqBlU91Po62OHCWyOtZkq5tQ7TPGn2gkHIRb8J02pBnX2MBtYO0gP2A+w2K/u+rMRw+sL49kap8TOFnpTuPZTtim1eQikRTE/dc6xIwfHqDgxqZZAz8dMWniXtlg6USDMTeTwfXGqoeWqF4errT+FdlWQWzMI8WkALsqRM8z7z/ygG5XWhq4kBWgezi9di5TTFYdzu2t4q/F1fqGjIp0tZZqfJPSrSzEUXVepuuF/PmrYrTD6FXc9+TorHZEbzfHqrugatTV73HGYdV6Hk+TcC1FjxRS4kFxNh7HU6RPwIiKiECQfwTV/lZSf/RiN2dKlxynXpJq4lGHWmm9YBB3aK4D3FLaVEuCZUWyo4KjKnDQO4ZIU=
    DOMIFA_ADMIN_EMAIL: >-
      AgAwrQcRjCCedlqpImad30OW0HLDugmIlIAOjXfsS4LcCXP4R9y4qgkwBZX8ugQem07d419CGXHxQn3D93VW6c+JR8VikqHB5D49u9IuWvZpRwXx1MIB0p2RR+ATa3CpD5ZEXKiuBuUtFF8lZj7Y7cqqIS2CNoKoBbesCJCygeyAfNtWQbeq/lQXRxW5dOeLoTidM9Rg00W8DYd8PXmjSkm9xSQhWQUSOd2kzcTHfOCCu3hrpSxkNON8wSbcXUyh9yyxFvJK9Ve7herCFF7yv4qHuLaCWuJVEQvAh/f7P1XUkwd3lucsW9GGZdmaJ17HjNUOumEVjjmgxhnGLKTRFz3QSaugBm3twIb0v8gkXQ/cPCK78DRW/lt7yoMxSL9810DqYzL8CFAHdCtUdBjYHbaHA0CV60ROHtHFuQmaft+uSvJcnLyQZVAKgQd9BhHwrNmP9l+TgoOyB1Dam/Dw+RTUaq0QrkYwNurScJ47OiEjwd+nDItGcty6P1DYyTJROhyI+CSnlCyLQxWSkod1YN1Rx2ut3AZTntTLr4TbQx53fW09pFkhiiVBOMDf+gdXGG8gRxbY7nUT4mSytQbn6zl07mfQOQx2fqcF1ymKmwZ7tfIAU4VEXAMaTzCTNAgCQG0M9+Tqh1BvbyfwWn3WiDtM5nzDCxemvkWs2R/k9jvOvkKBj2Y4GSM5Sy0qSGFdxqCnagNtc/BFxDHirNgYKgjmSmWhGH31ttPbftZpnhs1lCoo1GBAtQ==
    DOMIFA_EMAIL_ADDRESS_REDIRECT_ALL_TO: >-
      AgBCXXZU8gHmH1zIvlwQFFaE3SooOfECB9jQab12/hldnUdY1/4azCJDeRsrx6hSbJ+8RmdNUHiF4a70TiVSQN1lYP+XcthCRCPJNcpOlPjDiDGfAsXPLiXVxJ+gYpLiO2MytLrjJKQqOSOqb3fkvitto6Zva6IDIJS1ZFZuSvspCHYH2R008MdUnTnx9z8DUFbnQlwf0B3+IYgXGRCIhkcRBJnKRGdcbb5DJmMZLY09ucBEeW3or1phFzP13VOAICqqBx/4aVJSCPTlzTbM0PvtAIMX8xiIXXma2n7TwlmPyRorAN9zWzma+vASt0ksvByvnzqNNaZk2eii/ZM3Tqj17A5DdlMcs0Aivdl6ctOqi80Btpr0Pt6tYjTpkd/MoxnYK881A3rk45WOM+NzRzQh80ezVuNEVqLx89hNQWgrQTZidH66jTjZTA5Eqv/QJQk+RlN5Tuf6xlGRwoQPI43qtPXqe5sEIilbWSQR4ele8HnG0XZ4irSTYOQ7rYsQa55O/GYOsY3b6VIqOT1TlNI9gTH4PjfvnXt0XFrZjCNyOaDGAtBXx/sSLtE+/wI2CAVsEGBnQaJUwZm9KCpB3G4le46G9002wDrduuUs7R7Xy6fdTlITWehEguQdgSbT3tBImG3hzP1fcK8swx8WNp4YeW4Or35h4OnqCeNcQUKvpTGAKUL6CL6ZGwn/nFMRGa/jW1qDet0hxt396puJTBRfkf6Ds37rde5B/fiKff89icSwS8RmPg==
    DOMIFA_SMS_API_KEY: >-
      AgBpq1VjGMsdeGyr3NC5mcMuqklnjS7KImGyrq0qruDjSTpvirZ3K3CN3YqeHlIKj68/DiyNxqyIoujXO+ceGV9+BigaE8xTypGBeY3k5nrC9TEJjPIOJYOPzxrrL/XZUv2sfsiAm2GOHboHvjjjjvSISVt94+Rsqsc/Wxr4hTx/oiMjScTlfOmf65CjSYrBW2HV1tI5Pmj2g7dw828McVUSDgbj2LSWnsmisFm1WO9D741U3lH+FfyU3utuSE047INBpWSUKGT2SYe2hVrE1IXUD//Xf7XdM4vGp0Mak8ycuMJjRQ5IwPKuWqfUIKk67pPycL5XuNkT542Dz3ggWBDHDp2MK6vn5JI4ROLOqD+wF8wbG6+neOS/MFCCp4FsK7vpOHOYdlBBgGvQLmlRaj+pkYkv2Va9Bjb7eBz3I8RoAPYonDDsy6e4bohTTldFznKKThoV33wA30iOQ5KHOZ3t7jJyS3KlZvb3HHqfnUrxmzcddyWRXjrJ9KczU7fDL2W2tkF4moW4SV0Zolm+maZrNuFDfN6HcUXARMcM478BwmtqXB/xTozxhCtC0JeNa3O/97FkjDUMYyEGuWGLC42X9zFG6+AFCwvGSvynWtoiNEB+jPk92LHQ1oTscNTRK9YEvSfp8gwvdMLpbRwGw6TwKlzKMuhFuONVtvQQ0CT0uPjvhSHbRBIWvrF/GDQIJQ20eCAFlU+UaXTAr4MbI6SVfBN+8OqJy7daHYctj6EDMg==
  template:
    metadata:
      annotations:
        kapp.k14s.io/disable-default-ownership-label-rules: ''
        kapp.k14s.io/disable-default-label-scoping-rules: ''
        app.github.com/job: '5678'
        app.github.com/ref: refs/tags/v1.2.3
        app.github.com/repo: socialgouv/domifa
        app.github.com/run: '1234'
        app.github.com/sha: '0123456'
      name: backend-sealed-secret
      labels:
        application: domifa
        component: domifa
        owner: domifa
        team: domifa
    type: Opaque
---
apiVersion: v1
kind: ConfigMap
metadata:
  name: backend-configmap
  annotations:
    kapp.k14s.io/disable-default-ownership-label-rules: ''
    kapp.k14s.io/disable-default-label-scoping-rules: ''
    app.github.com/job: '5678'
    app.github.com/ref: refs/tags/v1.2.3
    app.github.com/repo: socialgouv/domifa
    app.github.com/run: '1234'
    app.github.com/sha: '0123456'
  labels:
    application: domifa
    component: domifa
    owner: domifa
    team: domifa
  namespace: domifa
data:
  DOMIFA_ENV_ID: k8s-prod
  DOMIFA_ENV_PRESET: dist-prod.preset.env
  PGSSLMODE: require
  NODE_ENV: production
  DOMIFA_PRINT_CONFIG: 'false'
  DOMIFA_EMAILS_ENABLE: 'true'
  DOMIFA_SMS_ENABLED: 'true'
  POSTGRES_POOL_MAX_CONNEXIONS: '20'
---
apiVersion: v1
kind: Service
metadata:
  labels:
    app: backend
    application: domifa
    component: domifa
    owner: domifa
    team: domifa
  name: backend
  annotations:
    kapp.k14s.io/disable-default-ownership-label-rules: ''
    kapp.k14s.io/disable-default-label-scoping-rules: ''
    app.github.com/job: '5678'
    app.github.com/ref: refs/tags/v1.2.3
    app.github.com/repo: socialgouv/domifa
    app.github.com/run: '1234'
    app.github.com/sha: '0123456'
  namespace: domifa
spec:
  ports:
    - name: http
      port: 80
      targetPort: 3000
  selector:
    app: backend
  type: ClusterIP
---
apiVersion: networking.k8s.io/v1
kind: Ingress
metadata:
  annotations:
    kubernetes.io/ingress.class: nginx
    cert-manager.io/cluster-issuer: letsencrypt-prod
    kubernetes.io/tls-acme: 'true'
    kapp.k14s.io/disable-default-ownership-label-rules: ''
    kapp.k14s.io/disable-default-label-scoping-rules: ''
    app.github.com/job: '5678'
    app.github.com/ref: refs/tags/v1.2.3
    app.github.com/repo: socialgouv/domifa
    app.github.com/run: '1234'
    app.github.com/sha: '0123456'
  labels:
    app: backend
    application: domifa
    component: domifa
    owner: domifa
    team: domifa
  name: backend
  namespace: domifa
spec:
  rules:
    - host: domifa-api.fabrique.social.gouv.fr
      http:
        paths:
          - backend:
              service:
                name: backend
                port:
                  name: http
            path: /
            pathType: Prefix
  tls:
    - hosts:
        - domifa-api.fabrique.social.gouv.fr
      secretName: backend-crt
---
apiVersion: v1
kind: PersistentVolumeClaim
metadata:
  name: files
  annotations:
    app.github.com/job: '5678'
    app.github.com/ref: refs/tags/v1.2.3
    app.github.com/repo: socialgouv/domifa
    app.github.com/run: '1234'
    app.github.com/sha: '0123456'
  labels:
    application: domifa
    component: domifa
    owner: domifa
    team: domifa
  namespace: domifa
spec:
  accessModes:
    - ReadWriteMany
  resources:
    requests:
      storage: 5Gi
  selector:
    matchLabels:
      usage: domifa-files
  storageClassName: ''
---
apiVersion: v1
kind: PersistentVolume
metadata:
  labels:
    usage: domifa-files
    application: domifa
    component: domifa
    owner: domifa
    team: domifa
  name: domifa-files
  annotations:
    app.github.com/job: '5678'
    app.github.com/ref: refs/tags/v1.2.3
    app.github.com/repo: socialgouv/domifa
    app.github.com/run: '1234'
    app.github.com/sha: '0123456'
  namespace: domifa
spec:
  accessModes:
    - ReadWriteMany
  azureFile:
    secretName: azure-domifa-volume
    secretNamespace: domifa
    shareName: files
  capacity:
    storage: 5Gi
  persistentVolumeReclaimPolicy: Delete
  storageClassName: ''
---
apiVersion: apps/v1
kind: Deployment
metadata:
  annotations:
    kapp.k14s.io/disable-default-ownership-label-rules: ''
    kapp.k14s.io/disable-default-label-scoping-rules: ''
    app.github.com/job: '5678'
    app.github.com/ref: refs/tags/v1.2.3
    app.github.com/repo: socialgouv/domifa
    app.github.com/run: '1234'
    app.github.com/sha: '0123456'
  labels:
    app: frontend
    application: domifa
    component: nginx
    owner: domifa
    team: domifa
  name: frontend
  namespace: domifa
spec:
  replicas: 1
  selector:
    matchLabels:
      app: frontend
  template:
    metadata:
      annotations:
        kapp.k14s.io/disable-default-ownership-label-rules: ''
        kapp.k14s.io/disable-default-label-scoping-rules: ''
        app.github.com/job: '5678'
        app.github.com/ref: refs/tags/v1.2.3
        app.github.com/repo: socialgouv/domifa
        app.github.com/run: '1234'
        app.github.com/sha: '0123456'
      labels:
        app: frontend
        application: domifa
        component: nginx
        owner: domifa
        team: domifa
    spec:
      containers:
        - image: >-
            ghcr.io/socialgouv/domifa/frontend:sha-9e3027bc7c6dab66be874658abdc12c946fd0357
          livenessProbe:
            failureThreshold: 6
            httpGet:
              path: /index.html
              port: http
            initialDelaySeconds: 30
            periodSeconds: 5
            timeoutSeconds: 5
          name: frontend
          ports:
            - containerPort: 80
              name: http
          readinessProbe:
            failureThreshold: 15
            httpGet:
              path: /index.html
              port: http
            initialDelaySeconds: 0
            periodSeconds: 5
            successThreshold: 1
            timeoutSeconds: 1
          resources:
            limits:
              cpu: 500m
              memory: 128Mi
            requests:
              cpu: 5m
              memory: 32Mi
          startupProbe:
            failureThreshold: 12
            httpGet:
              path: /index.html
              port: http
            periodSeconds: 5
          env:
            - name: DOMIFA_BACKEND_URL
              value: https://domifa-api.fabrique.social.gouv.fr/
---
apiVersion: v1
kind: Service
metadata:
  labels:
    app: frontend
    application: domifa
    component: nginx
    owner: domifa
    team: domifa
  name: frontend
  annotations:
    kapp.k14s.io/disable-default-ownership-label-rules: ''
    kapp.k14s.io/disable-default-label-scoping-rules: ''
    app.github.com/job: '5678'
    app.github.com/ref: refs/tags/v1.2.3
    app.github.com/repo: socialgouv/domifa
    app.github.com/run: '1234'
    app.github.com/sha: '0123456'
  namespace: domifa
spec:
  ports:
    - name: http
      port: 80
      targetPort: 80
  selector:
    app: frontend
  type: ClusterIP
---
apiVersion: networking.k8s.io/v1
kind: Ingress
metadata:
  annotations:
    kubernetes.io/ingress.class: nginx
    cert-manager.io/cluster-issuer: letsencrypt-prod
    kubernetes.io/tls-acme: 'true'
    kapp.k14s.io/disable-default-ownership-label-rules: ''
    kapp.k14s.io/disable-default-label-scoping-rules: ''
    app.github.com/job: '5678'
    app.github.com/ref: refs/tags/v1.2.3
    app.github.com/repo: socialgouv/domifa
    app.github.com/run: '1234'
    app.github.com/sha: '0123456'
  labels:
    app: frontend
    application: domifa
    component: nginx
    owner: domifa
    team: domifa
  name: frontend
  namespace: domifa
spec:
  rules:
    - host: domifa.fabrique.social.gouv.fr
      http:
        paths:
          - backend:
              service:
                name: frontend
                port:
                  name: http
            path: /
            pathType: Prefix
  tls:
    - hosts:
        - domifa.fabrique.social.gouv.fr
      secretName: frontend-crt
---
{}
---
apiVersion: bitnami.com/v1alpha1
kind: SealedSecret
metadata:
  annotations:
    app.github.com/job: '5678'
    app.github.com/ref: refs/tags/v1.2.3
    app.github.com/repo: socialgouv/domifa
    app.github.com/run: '1234'
    app.github.com/sha: '0123456'
  name: azure-pg-user
  namespace: domifa
  labels:
    application: domifa
    component: domifa
    owner: domifa
    team: domifa
spec:
  encryptedData:
    PGDATABASE: >-
      AgBSW3HfXTQoLaN9F9WwMZD1Mbm8J+gcraytgh/Wa6cn4Xf8tzw3ajvXgZBJ3PgkimaqomW+lJsZ+cmcAc9bkwDtEe/+2sV9xi9T6iQQmWPQ4C25/BkZBoYh5Pi47juHSh9244YJ1HAizyM/kYmZHGFaM2BN3uc4WRuYLdapotmekhwYuNt0b1Izn3SvbRbvDXEPlYQcKORcEP3Ooh60AmktjiGdhlFAI72v+Nzc1UA0d2nN/xywmZWamXFT0rKzJlWnDHVJpGMOhbzxoqG1WQCGH2J5MICQ7TL7aaTtByts/PSzRRyl9wTLQElVUxzbEXTMqX6MQ/1pKaqsFo1Idz2gMGYv78huZiNCsKpbpfIM/fVRAcXq2NfkFfnOaseQnn9lrspgo/VVc5+U+PozWAiao+p1qPs6VVfp8oYWICTPKeczBFXltmnXpuMSYVnCCuN1Jnm5rImWSFB8TC/ImMk7D5Wi9FrrSuXr0BuvD/6ch2Pt8X0+QxDCkfm7jOlSxu93CqTuWjSLlRifaDYO06R5jB4rbJhgIgdW8/qgHn9oMOc0kIXwIReb3wZkODu6FNoZzuL0Q8LJbOIbQSAgKM6D/J+DMJN8tQ0Xc8gaSdUH+XI+sOF6Y2I/H2GgJkbUYL1Luso6NOUhS7w7pvf5jYlexS3G2jcLGBpm2gz01wHgyvlqk/3C1m5SWW0FDhg0TgzLBnag
    PGHOST: >-
      AgApFxMmQ2NLkIr2GnrTv3IYTq2MMicUgyLLnPwc0Ji8slC97kPi4i89fJX7VTGD3sMZZs0yzU+rA/sgQGuyQBbZ1olaj7eOg7cq4Kb/UqOpirkTG7pQORGNtbvzvGxeKNKKd1lNrELMA2keRp+pNSgSwGxbBh5nyXAUVLudOdOWNCnBZhfjt1nGcEFIkIZN0RiS0bhbfBQ/Qq0XOBDXDUlDBP4HPHNTJLg/gJORieMcDyCkIsAFj0fFP2jKwQyUZQ9OYRVrctGFTLWVyv9yI2A3gKc3rrpK2zeq0oNWnPzEnAKDWo1tXvvlPiP/ZUi7rSgZ2Ktp72A4av8iiqSg7n3Je5Jd51U19ZhNNnDlPvfHFkQfGteLvBpd49sabbBz19kE/PhrCE1EroxD7MxBlLzDgon5nnNTL7MM7au8QntiGkdtuHf/cFAMdr1wkl95mVhFpGMLIhS4cmYWmEvPbMNyw9LU7AcSxfGftLcYm3VAcD9G8VobbAvE109Ty8IBXQhC6XBsRCLX72L3GLwPOZneAasT4pWlQGCY492ZfYyOATv8E2huZX0iixRAJdDNcPUY+O46IZP9skEd0Oc68YrDvzmFJwptDH8OojIrXAweFLuWv3FCIqv732s35n0CWIXI+YNNxM+eJo7PHgsyUbkkLvPys2s5cD8vkoQSTnXocdRcqgydxQkbaabYcgJM4qcY9gTXrx4xxtZG25pKVxsY72GpkqdX3a7QEVvlc4w2SaIxPZuTsBMdNbvsCA==
    PGPASSWORD: >-
      AgA+fszZ84ADPityiCsTMf6w7ooM/uTFXMDRMYzdebOTvoB2VuoXvcd4r+0VLUzAVHuyERRnOEwNSi+n99hWOlQkErjQLfaUQpyu9JSvn+M4jS2v+qZHqGKDYrbpYrIqIy+MHLfNZ/IoX/8YI6sB775zK3zRK2iErMxgWkW5fT7FFbh0kTlGo+O6BGkIFNFN3bhVnwS0bPyGTo7IkO5UBouA/ccdxM6w4cLGvISzONjW0OONVB5qRl3jCjdOv1ajyiG6SbiJ4FBQMWL689eiVr4+us5bBoC8LpWSFKGl+eBzQ8XQU5mLoS0cXku1qK1x6F7SuuoX6L6VD4BhSblUdyYVw+n6dctyxIhztsMp894D2Qd/n20Vdlor8kLm1W43Vxx/9VVC9JfrbjPuBHhBvgBLfIEQucBHjyYqYT5OepEEoMlpuPTjQj8hul18lS2AoYheHKXn6HctquFT82tiE4egTfjSi0r+kI45Sq/Bvwq5y9ZyRYTbDHR2I4OTTRpOWQ8IDkCuPio8RfSR+tFhYl4Tlh3X9nSneg25g8eMLHMADIC0pYpVvFf6Fzl6ZKYKVvcKtMSjilZHANnUNQMVZRaNnvE7O1H3pWRK1aPp8u4VDeIOYsp9LrTcDrWZpNO6Bnjp3zsaVNFfbT0qrOxp8phq9r70UDNKfcTRsOUZz3wuk45g4erhU4FrE/paE1pdSOLGItGnN1cOvlt5x4H6BEAgHe3FwBBidazlnMfwV/nXJQ==
    PGUSER: >-
      AgCEWMIRVufc0Ye59cTYAyFc+noDm5uFjNOEo/uyOCkarI6UVBARfPy+JB4fPc/yjGvmwgkG+X7nKAajbXZkBsKYxRiwJ5WfTtlLx0k+e5tPF/3H3HDGvdQ9MdPPbJBjCIpuEaFgWl7r099MqgvJz+qElMCJu+Egv2CiyLoAjHzW5plJdNzNM6SXVXmAaXvgrgnl9Yuou7h3CEr3V0gUOlQ9KtPRmPUg3CuIZ7xkOQOEfUTpwL2TRfhl1YbaWyybG9BzJ2sDShezbTRJm0L5qefxNUzFa57VSY8rc+YROT2lydNEnOx65soNeVbyVEjKYRs5Ja+1Catt0+aNyUUPmpuEljNqQKU8jEdMAjXNwIo+ajG0KMEk4ooseKIRBaS1NtfbfaJeKT7tlZGIbCBq7vT9mYSe/RyVWMdcot9B83rRfd41YHKjnUBL28ZWLczjBvCg7K9SIG6niONuguCxE2NzQDSL3K36nWKiDp3WfJoE4Nn59rHZtsNQsYJVbngpCLMZVL9xqq0PmF9a5EV3gTHm4n7G5rxEFXvmZD+4E1VBL7fBGfiQlWrs1to5dts4v5HI2GKuYWoGgnQxx8dD/hLmztFzW94BQruT00t3bu6Stm5HVJhkRUcdRI6q3rO22va9JeQiQITDzbUNoEZj34/auutiFP2EWjOmnc0pJnbQaxUv7qFU5PcJQFzsFRqxlnYa8jnE1sbwpVlP2NafQUXmUnqMK1yYsPSljmqLjAMJKde9GP6wilaR/09kx8bTwkTfciUxpEc=
    PGSSLMODE: >-
      AgA2yvYVTHjkYAMLJPvLUYtAH1bQTrG56VoUX9tc/W19R8Sx8PYHZVrcXJ2FLC9h/h7iVAUc5UvMxPu13KB8Y0s92GcAbLpTZp2DzEfU1EqBXxFWWkW8ZxZpdV2tYXcWJn1tWsIBUsc5FlQC632DK3ki7Vyj+IQr4NnMkYg1QvO1AZ6OPQ6Th0yVby6KxGmuaY9wmLhbiPStuL+PyAHCcmBf84dPgts414Ayw55zyFSPDXCnpqWIya34uAQGKUv2BwzeqByxYuOuXThZj1fI8Sa3UEh9MyGw70mPZ9kokps0d7js13GDUePbissdqcZ0pbNPWHnFKItyv3Dkyp+udyXALWDHWMX8aupKD72q3IzrycODEbUnIzaOQBpq+Ysrs9jHkbtNQcL/8FE9W3iuuurhwgv/X8/12g8Bw4VVr6vMafHH1w95zddTIdYNiehnCcXbeOrZTk4lyJz6naP5NLs3QbDSjp+t3s5q/Mp5jfRjxLsbbOHvvgCR56XJ2PoPZnBpdwrqNbQ3MUCe15uaUw53xGdtLuavPRxwFGjUvlqsVgk+mLADPlVGmg4cuVxsSc0/WjW0R6Vv+/zAYTicLaAOghOLd+MQX7ACngB0EBEb/vV46ujpXO9dmQB63Yp2Nro8a1pPSvVptULoDx/PKp7DweNa+eGO4nsqsHyyBfcY8evFh8W82q7xBMkVa2hsfynWdc7VbP4C
  template:
    metadata:
      annotations:
        app.github.com/job: '5678'
        app.github.com/ref: refs/tags/v1.2.3
        app.github.com/repo: socialgouv/domifa
        app.github.com/run: '1234'
        app.github.com/sha: '0123456'
      name: azure-pg-user
      labels:
        application: domifa
        component: domifa
        owner: domifa
        team: domifa
    type: Opaque
---
apiVersion: bitnami.com/v1alpha1
kind: SealedSecret
metadata:
  annotations:
    app.github.com/job: '5678'
    app.github.com/ref: refs/tags/v1.2.3
    app.github.com/repo: socialgouv/domifa
    app.github.com/run: '1234'
    app.github.com/sha: '0123456'
  name: azure-domifa-volume
  namespace: domifa
  labels:
    application: domifa
    component: domifa
    owner: domifa
    team: domifa
spec:
  encryptedData:
    azurestorageaccountname: >-
      AgB4/SF0MH2ftBTqbUxXW6PF5Jqje9wsVP6CP4ekmpbuVM8xPXC7t+9yM9qwZ0V8mj9zJrk9o3mlIW2ZHLYIZC0jMxV5OMgo2c9bEDeuXnFb2gi0NIiAxzRu5m0/Xah+pkhfP1w9Ty9W0hH/K1rUDYvtJ+uO7fG0QAdepoSKUOLUH7Rtsq0Ak00p9Ky++SANReZ64CcukRgjQpVXPbjIym5m28sK9MzjW1almojVSAtSdsW/Yn52X+q0QlTwxwpSQ+0avDE71z5pTPcgi1/ENYIZ8gcu+uR2a1rE1ZpVU+M+1Tiwld+eHFo/nfJPTSYVYQpiVrag/Gu06iNIkmnKqQL7Ngz640BKl4NJ2x2l1Yv+Wp8JXSm2ftbygt+FQM0bUapjGyk6DllC189f0t3ZGCMb6WSjy+60FMHowWY1BHphslMqoQv0c01nKmyJ8yLJGlIVob1k5TNGUhHRKyKRB1DfBLAc8ER4L+8ohln7TjeRMI8g/83t7Cz4bwyU1DfamR1FxMaG0GNVQDLV2r0HKlQf8CAQ8SLjUGiqfw5SuFo97y0wtB5dRus1yX4QRfwg9ul4n5jxtFJURWOmzzRiOPOFx6dwv3UVAu9Oi/jf4eyNdHWH1BWXyAyCWG4Hti4LV/inh2A7pX0PAcQxyNrghCzSmwAyf7wcynq5bsIZThneFTkWvoE8UFXL7qMP0s73ZhUKziaoa/+fVFNPBQ==
    azurestorageaccountkey: >-
      AgBkPFmW++23cC/hvNB06U4tOTGRWW4/TeSoCCghRGnFV/XdAReNes7ruJ/SjT2rffy9IYCz1qz/uQkJ1phpvD66p0odcnGQIJP61xGO62C5EsMZ26RUsSg5PrTetbYSroSI6CfHtYkK2JO91/xQ3Re0Z8ilNT2GSqizrOcQQzMc8G+O1Qg5JhbLpP1kJ8+wqoLL+p/t25v3aERkG2WZqzwa1grm0K8mmrvdYjHQm1sT7n5gW/LbYcWAnZ1WtS79vmldZsI5VHXOT0eM6yQPC8nECMQqoAd2ryZ+gilwcz8vfr4QH4DJNMvD8rzU9NoIaDdwDOXWSlgB0zvOONAtNYlWgsLSHlIM5PsATPSYXh3hwp58WXeH+4gMVHecVKsg6ZGNlV60zzUHPWKP7smLmbcUIoHaWLa/rrAWakCkmXIqcXuS0mNBO7/hq4WGvCSeXi4SqEWuG+aqe8uKa2dHV527VCr77xUil2l3yzWK/v1JhydTjEDBpUycHun3TOLQDOm4lTDEpGH6MZcYJRyjvaULyBucFkGBuit/1GvrAexzVzQ6P4LFpnFHmNzDbMs9pHbVOnElOAnYiGDVbQ3LhMLtektEO0YQPvXsD+Hb9fVZmHz1wM0EhZpVbQa9dFcK/7/MsdEOCyghQLzVjwZXZ/J19isJ8LV+yzL+cUDol9WN+oFHy/4TrgWTXrLsU8SbwfqgUsaWrMVr6bxFIF+e6+KvZ+h38eb+ZsMnOsYLtK4ftKleCWyZ9oTNZMIOFUB1Ek4Y7R1eZmJxDWvVA32/pyw13WTYiKSC62tjJeu/iSNMtmhtokyx4KyC
  template:
    metadata:
      annotations:
        app.github.com/job: '5678'
        app.github.com/ref: refs/tags/v1.2.3
        app.github.com/repo: socialgouv/domifa
        app.github.com/run: '1234'
        app.github.com/sha: '0123456'
      name: azure-domifa-volume
      labels:
        application: domifa
        component: domifa
        owner: domifa
        team: domifa
    type: Opaque
"
`;
